// Jest Snapshot v1, https://goo.gl/fbAQLP

exports[`about page should render About component 1`] = `
<div>
  <h1
    class="heading--alt"
    data-testid="about-heading"
  >
    About
  </h1>
  <form>
    <label>
      Name:
      <input
        data-testid="about-input"
        id="name"
        name="name"
        type="text"
        value=""
      />
    </label>
    <br />
    <label>
      Email:
      <input
        id="email"
        name="email"
        type="text"
        value=""
      />
    </label>
  </form>
  <button
    type="button"
  >
    Back
  </button>
</div>
`;
